
> film4uai@0.0.0 build
> vite build

[36mvite v7.3.1 [32mbuilding client environment for production...[36m[39m
transforming...
[32mΓ£ô[39m 1808 modules transformed.
rendering chunks...
node.exe : [33m[plugin 
vite:reporter] 
At line:1 char:1
+ & "C:\Program 
Files\nodejs/node.exe" 
"C:\Program 
Files\nodejs/node_mo ...
+ ~~~~~~~~~~~~~~~~~~~~~~~~~~
~~~~~~~~~~~~~~~~~~~~~~~~~~~~
~~~~~~~~~~~~~~~
    + CategoryInfo          
    : NotSpecified: ([33m  
  [plugin vite:reporter]    
 :String) [], RemoteExce    
ption
    + FullyQualifiedErrorId 
    : NativeCommandError
 
(!) C:/Users/faisa/OneDrive/
Desktop/Film4uai/src/service
s/movieService.js is 
dynamically imported by C:/U
sers/faisa/OneDrive/Desktop/
Film4uai/src/App.jsx but 
also statically imported by 
C:/Users/faisa/OneDrive/Desk
top/Film4uai/src/App.jsx, C:
/Users/faisa/OneDrive/Deskto
p/Film4uai/src/components/Mo
vieCard.jsx, C:/Users/faisa/
OneDrive/Desktop/Film4uai/sr
c/components/ProfileModal.js
x, C:/Users/faisa/OneDrive/D
esktop/Film4uai/src/componen
ts/UploadModal.jsx, dynamic 
import will not move module 
into another chunk.
[39m
computing gzip size...
[2mdist/[22m[32mmanifest.webmanifest                           [39m[1m[2m    0.58 kB[22m[1m[22m
[2mdist/[22m[32mindex.html                                     [39m[1m[2m    1.40 kB[22m[1m[22m[2m Γöé gzip:   0.71 kB[22m
[2mdist/[22m[35massets/index-DFPWvKK8.css                      [39m[1m[2m   39.63 kB[22m[1m[22m[2m Γöé gzip:   8.17 kB[22m
[2mdist/[22m[36massets/workbox-window.prod.es5-BIl4cyR9.js     [39m[1m[2m    5.76 kB[22m[1m[22m[2m Γöé gzip:   2.37 kB[22m
[2mdist/[22m[36massets/howler-CESq5ywu.js                      [39m[1m[2m   27.03 kB[22m[1m[22m[2m Γöé gzip:   8.09 kB[22m
[2mdist/[22m[36massets/navmesh-B1pUQaZh.js                     [39m[1m[2m   55.09 kB[22m[1m[22m[2m Γöé gzip:  11.02 kB[22m
[2mdist/[22m[36massets/boolean-DnW06Vcs.js                     [39m[1m[2m   56.52 kB[22m[1m[22m[2m Γöé gzip:  19.68 kB[22m
[2mdist/[22m[36massets/process-VPR0TfJD.js                     [39m[1m[2m   67.76 kB[22m[1m[22m[2m Γöé gzip:  23.02 kB[22m
[2mdist/[22m[36massets/gaussian-splat-compression-CH16aANn.js  [39m[1m[2m   82.53 kB[22m[1m[22m[2m Γöé gzip:  23.38 kB[22m
[2mdist/[22m[36massets/ui-CVBmWQBQ.js                          [39m[1m[2m   91.95 kB[22m[1m[22m[2m Γöé gzip:  28.89 kB[22m
[2mdist/[22m[36massets/opentype-U-0Y99ve.js                    [39m[1m[2m  173.53 kB[22m[1m[22m[2m Γöé gzip:  50.26 kB[22m
[2mdist/[22m[36massets/physics-ChHD2_fM.js                     [39m[1m[33m1,987.56 kB[39m[22m[2m Γöé gzip: 722.72 kB[22m
[2mdist/[22m[36massets/index-ClkzXzQy.js                       [39m[1m[33m2,496.16 kB[39m[22m[2m Γöé gzip: 715.86 kB[22m
[33m
(!) Some chunks are larger 
than 500 kB after 
minification. Consider:
- Using dynamic import() to 
code-split the application
- Use build.rollupOptions.ou
tput.manualChunks to 
improve chunking: https://ro
llupjs.org/configuration-opt
ions/#output-manualchunks
- Adjust chunk size limit 
for this warning via build.c
hunkSizeWarningLimit.[39m
[32mΓ£ô built in 13.72s[39m
[31merror during build:
Error: 
  Configure "workbox.maximum
FileSizeToCacheInBytes" to 
change the limit: the 
default value is 2 MiB.
  Check https://vite-pwa-org
.netlify.app/guide/faq.html#
missing-assets-from-sw-preca
che-manifest for more 
information.
  Assets exceeding the 
limit:
  - 
assets/index-ClkzXzQy.js is 
2.5 MB, and won't be 
precached.

    at logWorkboxResult (fil
e:///C:/Users/faisa/OneDrive
/Desktop/Film4uai/node_modul
es/vite-plugin-pwa/dist/chun
k-G4TAN34B.js:44:13)
    at 
generateServiceWorker (file:
///C:/Users/faisa/OneDrive/D
esktop/Film4uai/node_modules
/vite-plugin-pwa/dist/index.
js:209:3)
    at async _generateSW (fi
le:///C:/Users/faisa/OneDriv
e/Desktop/Film4uai/node_modu
les/vite-plugin-pwa/dist/ind
ex.js:234:5)
    at async Object.handler 
(file:///C:/Users/faisa/OneD
rive/Desktop/Film4uai/node_m
odules/vite-plugin-pwa/dist/
index.js:427:13)
    at async 
PluginDriver.hookParallel (f
ile:///C:/Users/faisa/OneDri
ve/Desktop/Film4uai/node_mod
ules/rollup/dist/es/shared/n
ode-entry.js:22452:17)
    at async Object.close (f
ile:///C:/Users/faisa/OneDri
ve/Desktop/Film4uai/node_mod
ules/rollup/dist/es/shared/n
ode-entry.js:23471:13)
    at async 
buildEnvironment (file:///C:
/Users/faisa/OneDrive/Deskto
p/Film4uai/node_modules/vite
/dist/node/chunks/config.js:
33555:15)
    at async Object.build (f
ile:///C:/Users/faisa/OneDri
ve/Desktop/Film4uai/node_mod
ules/vite/dist/node/chunks/c
onfig.js:33900:19)
    at async 
Object.buildApp (file:///C:/
Users/faisa/OneDrive/Desktop
/Film4uai/node_modules/vite/
dist/node/chunks/config.js:3
3897:153)
    at async 
CAC.<anonymous> (file:///C:/
Users/faisa/OneDrive/Desktop
/Film4uai/node_modules/vite/
dist/node/cli.js:629:3)[39m
